// Jest Snapshot v1, https://goo.gl/fbAQLP

exports[`renders snapshot 1`] = `
<DocumentFragment>
  <div
    class="App"
  >
    <div
      class="TodoList"
    >
      <div
        class="NewTodoForm"
      />
      <ul />
    </div>
  </div>
</DocumentFragment>
`;
