// Jest Snapshot v1, https://goo.gl/fbAQLP

exports[`renders snapshot 1`] = `
<DocumentFragment>
  <li
    class="Todo"
  >
    <button
      class="deleteTodoButton"
      id="todoundefined"
    >
      X
    </button>
  </li>
</DocumentFragment>
`;
