// Jest Snapshot v1, https://goo.gl/fbAQLP

exports[`renders snapshot 1`] = `
<DocumentFragment>
  <div
    class="TodoList"
  >
    <form
      class="NewTodoForm"
    >
      <label
        for="new-todo"
      >
        New todo:
      </label>
      <input
        id="new-todo"
        placeholder="new todo"
        type="text"
        value=""
      />
      <button>
        Create new todo
      </button>
    </form>
    <ul />
  </div>
</DocumentFragment>
`;
