// Jest Snapshot v1, https://goo.gl/fbAQLP

exports[`renders snapshot 1`] = `
<DocumentFragment>
  <div
    class="Box"
  >
    <div
      class="boxDiv"
      data-testid="boxundefined"
    />
    <button
      class="removeBoxButton"
    >
      X
    </button>
  </div>
</DocumentFragment>
`;
