// Jest Snapshot v1, https://goo.gl/fbAQLP

exports[`renders snapshot 1`] = `
<DocumentFragment>
  <div
    class="NewBoxForm"
  >
    this is a form to make a new box
  </div>
</DocumentFragment>
`;
